Component: ARM Compiler 6.14.1 Tool: armlink [5db06d00]

==============================================================================

Section Cross References

    progetto.o(.text.main) refers to progetto.o(.rodata.str1.1) for .L.str
    progetto.o(.text.main) refers to progetto.o(.text.printstring) for printstring
    progetto.o(.text.main) refers to progetto.o(.text.menu) for menu
    progetto.o(.text.main) refers to progetto.o(.bss.ReceivedCommand) for ReceivedCommand
    progetto.o(.text.main) refers to progetto.o(.bss.submenu) for submenu
    progetto.o(.text.main) refers to progetto.o(.text.ModifyBaud) for ModifyBaud
    progetto.o(.text.main) refers to progetto.o(.text.MCUIDRead) for MCUIDRead
    progetto.o(.text.main) refers to progetto.o(.text.error) for error
    progetto.o(.text.main) refers to progetto.o(.data.TIM2_ARRvalueON) for TIM2_ARRvalueON
    progetto.o(.text.main) refers to progetto.o(.data.TIM2_ARRvalueOFF) for TIM2_ARRvalueOFF
    progetto.o(.text.main) refers to progetto.o(.data.TIM3_ARRvalueON) for TIM3_ARRvalueON
    progetto.o(.text.main) refers to progetto.o(.data.TIM3_ARRvalueOFF) for TIM3_ARRvalueOFF
    progetto.o(.text.main) refers to progetto.o(.data.TIM4_ARRvalueON) for TIM4_ARRvalueON
    progetto.o(.text.main) refers to progetto.o(.data.TIM4_ARRvalueOFF) for TIM4_ARRvalueOFF
    progetto.o(.text.main) refers to progetto.o(.data.TIM5_ARRvalueON) for TIM5_ARRvalueON
    progetto.o(.text.main) refers to progetto.o(.data.TIM5_ARRvalueOFF) for TIM5_ARRvalueOFF
    progetto.o(.text.main) refers to progetto.o(.bss.SelectedSignal) for SelectedSignal
    progetto.o(.text.main) refers to progetto.o(.text.SetDuty) for SetDuty
    progetto.o(.text.main) refers to progetto.o(.text.SetFreq) for SetFreq
    progetto.o(.ARM.exidx.text.main) refers to progetto.o(.text.main) for [Anonymous Symbol]
    progetto.o(.ARM.exidx.text.printstring) refers to progetto.o(.text.printstring) for [Anonymous Symbol]
    progetto.o(.text.menu) refers to progetto.o(.rodata.str1.1) for .L.str.13
    progetto.o(.text.menu) refers to progetto.o(.text.printstring) for printstring
    progetto.o(.text.menu) refers to progetto.o(.bss.submenu) for submenu
    progetto.o(.ARM.exidx.text.menu) refers to progetto.o(.text.menu) for [Anonymous Symbol]
    progetto.o(.text.ModifyBaud) refers to progetto.o(.bss.submenu) for submenu
    progetto.o(.text.ModifyBaud) refers to progetto.o(.rodata.str1.1) for .L.str.19
    progetto.o(.text.ModifyBaud) refers to progetto.o(.text.printstring) for printstring
    progetto.o(.ARM.exidx.text.ModifyBaud) refers to progetto.o(.text.ModifyBaud) for [Anonymous Symbol]
    progetto.o(.text.MCUIDRead) refers to progetto.o(.rodata.str1.1) for .L.str.14
    progetto.o(.text.MCUIDRead) refers to progetto.o(.text.printstring) for printstring
    progetto.o(.text.MCUIDRead) refers to printfa.o(i.__0sprintf) for sprintf
    progetto.o(.text.MCUIDRead) refers to progetto.o(.rodata..L.str.18) for .L.str.18
    progetto.o(.text.MCUIDRead) refers to progetto.o(.text.menu) for menu
    progetto.o(.ARM.exidx.text.MCUIDRead) refers to progetto.o(.text.MCUIDRead) for [Anonymous Symbol]
    progetto.o(.text.error) refers to progetto.o(.rodata.str1.1) for .L.str.25
    progetto.o(.text.error) refers to progetto.o(.text.printstring) for printstring
    progetto.o(.text.error) refers to progetto.o(.text.menu) for menu
    progetto.o(.ARM.exidx.text.error) refers to progetto.o(.text.error) for [Anonymous Symbol]
    progetto.o(.text.SetDuty) refers to progetto.o(.bss.SelectedSignal) for SelectedSignal
    progetto.o(.text.SetDuty) refers to progetto.o(.data.TIM2_ARRvalueON) for TIM2_ARRvalueON
    progetto.o(.text.SetDuty) refers to progetto.o(.data.TIM2_ARRvalueOFF) for TIM2_ARRvalueOFF
    progetto.o(.text.SetDuty) refers to progetto.o(.data.TIM3_ARRvalueON) for TIM3_ARRvalueON
    progetto.o(.text.SetDuty) refers to progetto.o(.data.TIM3_ARRvalueOFF) for TIM3_ARRvalueOFF
    progetto.o(.text.SetDuty) refers to progetto.o(.data.TIM4_ARRvalueON) for TIM4_ARRvalueON
    progetto.o(.text.SetDuty) refers to progetto.o(.data.TIM4_ARRvalueOFF) for TIM4_ARRvalueOFF
    progetto.o(.text.SetDuty) refers to progetto.o(.data.TIM5_ARRvalueON) for TIM5_ARRvalueON
    progetto.o(.text.SetDuty) refers to progetto.o(.data.TIM5_ARRvalueOFF) for TIM5_ARRvalueOFF
    progetto.o(.text.SetDuty) refers to progetto.o(.text.menu) for menu
    progetto.o(.ARM.exidx.text.SetDuty) refers to progetto.o(.text.SetDuty) for [Anonymous Symbol]
    progetto.o(.text.SetFreq) refers to progetto.o(.bss.SelectedSignal) for SelectedSignal
    progetto.o(.text.SetFreq) refers to progetto.o(.data.TIM2_ARRvalueON) for TIM2_ARRvalueON
    progetto.o(.text.SetFreq) refers to progetto.o(.data.TIM2_ARRvalueOFF) for TIM2_ARRvalueOFF
    progetto.o(.text.SetFreq) refers to progetto.o(.data.TIM3_ARRvalueON) for TIM3_ARRvalueON
    progetto.o(.text.SetFreq) refers to progetto.o(.data.TIM3_ARRvalueOFF) for TIM3_ARRvalueOFF
    progetto.o(.text.SetFreq) refers to progetto.o(.data.TIM4_ARRvalueON) for TIM4_ARRvalueON
    progetto.o(.text.SetFreq) refers to progetto.o(.data.TIM4_ARRvalueOFF) for TIM4_ARRvalueOFF
    progetto.o(.text.SetFreq) refers to progetto.o(.data.TIM5_ARRvalueON) for TIM5_ARRvalueON
    progetto.o(.text.SetFreq) refers to progetto.o(.data.TIM5_ARRvalueOFF) for TIM5_ARRvalueOFF
    progetto.o(.ARM.exidx.text.SetFreq) refers to progetto.o(.text.SetFreq) for [Anonymous Symbol]
    progetto.o(.text.USART2_IRQHandler) refers to progetto.o(.bss.ReceivedCommand) for ReceivedCommand
    progetto.o(.ARM.exidx.text.USART2_IRQHandler) refers to progetto.o(.text.USART2_IRQHandler) for [Anonymous Symbol]
    progetto.o(.text.TIM2_IRQHandler) refers to progetto.o(.data.TIM2_ARRvalueON) for TIM2_ARRvalueON
    progetto.o(.text.TIM2_IRQHandler) refers to progetto.o(.data.TIM2_ARRvalueOFF) for TIM2_ARRvalueOFF
    progetto.o(.ARM.exidx.text.TIM2_IRQHandler) refers to progetto.o(.text.TIM2_IRQHandler) for [Anonymous Symbol]
    progetto.o(.text.TIM3_IRQHandler) refers to progetto.o(.data.TIM3_ARRvalueON) for TIM3_ARRvalueON
    progetto.o(.text.TIM3_IRQHandler) refers to progetto.o(.data.TIM3_ARRvalueOFF) for TIM3_ARRvalueOFF
    progetto.o(.ARM.exidx.text.TIM3_IRQHandler) refers to progetto.o(.text.TIM3_IRQHandler) for [Anonymous Symbol]
    progetto.o(.text.TIM4_IRQHandler) refers to progetto.o(.data.TIM4_ARRvalueON) for TIM4_ARRvalueON
    progetto.o(.text.TIM4_IRQHandler) refers to progetto.o(.data.TIM4_ARRvalueOFF) for TIM4_ARRvalueOFF
    progetto.o(.ARM.exidx.text.TIM4_IRQHandler) refers to progetto.o(.text.TIM4_IRQHandler) for [Anonymous Symbol]
    progetto.o(.text.TIM5_IRQHandler) refers to progetto.o(.data.TIM5_ARRvalueON) for TIM5_ARRvalueON
    progetto.o(.text.TIM5_IRQHandler) refers to progetto.o(.data.TIM5_ARRvalueOFF) for TIM5_ARRvalueOFF
    progetto.o(.ARM.exidx.text.TIM5_IRQHandler) refers to progetto.o(.text.TIM5_IRQHandler) for [Anonymous Symbol]
    startup_stm32f401xe.o(RESET) refers to startup_stm32f401xe.o(STACK) for __initial_sp
    startup_stm32f401xe.o(RESET) refers to startup_stm32f401xe.o(.text) for Reset_Handler
    startup_stm32f401xe.o(RESET) refers to progetto.o(.text.TIM2_IRQHandler) for TIM2_IRQHandler
    startup_stm32f401xe.o(RESET) refers to progetto.o(.text.TIM3_IRQHandler) for TIM3_IRQHandler
    startup_stm32f401xe.o(RESET) refers to progetto.o(.text.TIM4_IRQHandler) for TIM4_IRQHandler
    startup_stm32f401xe.o(RESET) refers to progetto.o(.text.USART2_IRQHandler) for USART2_IRQHandler
    startup_stm32f401xe.o(RESET) refers to progetto.o(.text.TIM5_IRQHandler) for TIM5_IRQHandler
    startup_stm32f401xe.o(.text) refers to entry.o(.ARM.Collect$$$$00000000) for __main
    entry.o(.ARM.Collect$$$$00000000) refers (Special) to entry10a.o(.ARM.Collect$$$$0000000D) for __rt_final_cpp
    entry.o(.ARM.Collect$$$$00000000) refers (Special) to entry11a.o(.ARM.Collect$$$$0000000F) for __rt_final_exit
    entry.o(.ARM.Collect$$$$00000000) refers (Special) to entry7b.o(.ARM.Collect$$$$00000008) for _main_clock
    entry.o(.ARM.Collect$$$$00000000) refers (Special) to entry8b.o(.ARM.Collect$$$$0000000A) for _main_cpp_init
    entry.o(.ARM.Collect$$$$00000000) refers (Special) to entry9a.o(.ARM.Collect$$$$0000000B) for _main_init
    entry.o(.ARM.Collect$$$$00000000) refers (Special) to entry5.o(.ARM.Collect$$$$00000004) for _main_scatterload
    entry.o(.ARM.Collect$$$$00000000) refers (Special) to entry2.o(.ARM.Collect$$$$00000001) for _main_stk
    printfa.o(i.__0fprintf) refers (Special) to iusefp.o(.text) for __I$use$fp
    printfa.o(i.__0fprintf) refers to printfa.o(i._printf_core) for _printf_core
    printfa.o(i.__0fprintf) refers to fputc.o(i.fputc) for fputc
    printfa.o(i.__0printf) refers (Special) to iusefp.o(.text) for __I$use$fp
    printfa.o(i.__0printf) refers to printfa.o(i._printf_core) for _printf_core
    printfa.o(i.__0printf) refers to fputc.o(i.fputc) for fputc
    printfa.o(i.__0printf) refers to stdout.o(.data) for __stdout
    printfa.o(i.__0snprintf) refers (Special) to iusefp.o(.text) for __I$use$fp
    printfa.o(i.__0snprintf) refers to printfa.o(i._printf_core) for _printf_core
    printfa.o(i.__0snprintf) refers to printfa.o(i._snputc) for _snputc
    printfa.o(i.__0sprintf) refers (Special) to iusefp.o(.text) for __I$use$fp
    printfa.o(i.__0sprintf) refers to printfa.o(i._printf_core) for _printf_core
    printfa.o(i.__0sprintf) refers to printfa.o(i._sputc) for _sputc
    printfa.o(i.__0vfprintf) refers (Special) to iusefp.o(.text) for __I$use$fp
    printfa.o(i.__0vfprintf) refers to printfa.o(i._printf_core) for _printf_core
    printfa.o(i.__0vfprintf) refers to fputc.o(i.fputc) for fputc
    printfa.o(i.__0vprintf) refers (Special) to iusefp.o(.text) for __I$use$fp
    printfa.o(i.__0vprintf) refers to printfa.o(i._printf_core) for _printf_core
    printfa.o(i.__0vprintf) refers to fputc.o(i.fputc) for fputc
    printfa.o(i.__0vprintf) refers to stdout.o(.data) for __stdout
    printfa.o(i.__0vsnprintf) refers (Special) to iusefp.o(.text) for __I$use$fp
    printfa.o(i.__0vsnprintf) refers to printfa.o(i._printf_core) for _printf_core
    printfa.o(i.__0vsnprintf) refers to printfa.o(i._snputc) for _snputc
    printfa.o(i.__0vsprintf) refers (Special) to iusefp.o(.text) for __I$use$fp
    printfa.o(i.__0vsprintf) refers to printfa.o(i._printf_core) for _printf_core
    printfa.o(i.__0vsprintf) refers to printfa.o(i._sputc) for _sputc
    printfa.o(i._fp_digits) refers (Special) to iusefp.o(.text) for __I$use$fp
    printfa.o(i._fp_digits) refers to dmul.o(.text) for __aeabi_dmul
    printfa.o(i._fp_digits) refers to ddiv.o(.text) for __aeabi_ddiv
    printfa.o(i._fp_digits) refers to cdrcmple.o(.text) for __aeabi_cdrcmple
    printfa.o(i._fp_digits) refers to dadd.o(.text) for __aeabi_dadd
    printfa.o(i._fp_digits) refers to dfixul.o(.text) for __aeabi_d2ulz
    printfa.o(i._fp_digits) refers to uldiv.o(.text) for __aeabi_uldivmod
    printfa.o(i._printf_core) refers (Special) to iusefp.o(.text) for __I$use$fp
    printfa.o(i._printf_core) refers to printfa.o(i._printf_pre_padding) for _printf_pre_padding
    printfa.o(i._printf_core) refers to uldiv.o(.text) for __aeabi_uldivmod
    printfa.o(i._printf_core) refers to printfa.o(i._printf_post_padding) for _printf_post_padding
    printfa.o(i._printf_core) refers to printfa.o(i._fp_digits) for _fp_digits
    printfa.o(i._printf_core) refers to uidiv.o(.text) for __aeabi_uidivmod
    printfa.o(i._printf_post_padding) refers (Special) to iusefp.o(.text) for __I$use$fp
    printfa.o(i._printf_pre_padding) refers (Special) to iusefp.o(.text) for __I$use$fp
    printfa.o(i._snputc) refers (Special) to iusefp.o(.text) for __I$use$fp
    printfa.o(i._sputc) refers (Special) to iusefp.o(.text) for __I$use$fp
    entry2.o(.ARM.Collect$$$$00000001) refers to entry2.o(.ARM.Collect$$$$00002712) for __lit__00000000
    entry2.o(.ARM.Collect$$$$00002712) refers to startup_stm32f401xe.o(STACK) for __initial_sp
    entry2.o(__vectab_stack_and_reset_area) refers to startup_stm32f401xe.o(STACK) for __initial_sp
    entry2.o(__vectab_stack_and_reset_area) refers to entry.o(.ARM.Collect$$$$00000000) for __main
    entry5.o(.ARM.Collect$$$$00000004) refers to init.o(.text) for __scatterload
    entry9a.o(.ARM.Collect$$$$0000000B) refers to progetto.o(.text.main) for main
    entry9b.o(.ARM.Collect$$$$0000000C) refers to progetto.o(.text.main) for main
    fputc.o(i.fputc) refers (Special) to iusesemip.o(.text) for __I$use$semihosting$fputc
    fputc.o(i.fputc) refers (Special) to semi.o(.text) for __semihosting_library_function
    fputc_h.o(i._fputc$hlt) refers (Special) to iusesemip.o(.text) for __I$use$semihosting$fputc
    fputc_h.o(i._fputc$hlt) refers (Special) to semi.o(.text) for __semihosting_library_function
    uldiv.o(.text) refers to llushr.o(.text) for __aeabi_llsr
    uldiv.o(.text) refers to llshl.o(.text) for __aeabi_llsl
    dadd.o(.text) refers (Special) to iusefp.o(.text) for __I$use$fp
    dadd.o(.text) refers to llshl.o(.text) for __aeabi_llsl
    dadd.o(.text) refers to llsshr.o(.text) for __aeabi_lasr
    dadd.o(.text) refers to depilogue.o(.text) for _double_epilogue
    dmul.o(.text) refers (Special) to iusefp.o(.text) for __I$use$fp
    dmul.o(.text) refers to depilogue.o(.text) for _double_epilogue
    ddiv.o(.text) refers (Special) to iusefp.o(.text) for __I$use$fp
    ddiv.o(.text) refers to depilogue.o(.text) for _double_round
    dfixul.o(.text) refers (Special) to iusefp.o(.text) for __I$use$fp
    dfixul.o(.text) refers to llushr.o(.text) for __aeabi_llsr
    dfixul.o(.text) refers to llshl.o(.text) for __aeabi_llsl
    cdrcmple.o(.text) refers (Special) to iusefp.o(.text) for __I$use$fp
    init.o(.text) refers to entry5.o(.ARM.Collect$$$$00000004) for __main_after_scatterload
    depilogue.o(.text) refers (Special) to iusefp.o(.text) for __I$use$fp
    depilogue.o(.text) refers to llshl.o(.text) for __aeabi_llsl
    depilogue.o(.text) refers to llushr.o(.text) for __aeabi_llsr


==============================================================================

Removing Unused input sections from the image.

    Removing progetto.o(.text), (0 bytes).
    Removing progetto.o(.ARM.exidx.text.main), (8 bytes).
    Removing progetto.o(.ARM.exidx.text.printstring), (8 bytes).
    Removing progetto.o(.ARM.exidx.text.menu), (8 bytes).
    Removing progetto.o(.ARM.exidx.text.ModifyBaud), (8 bytes).
    Removing progetto.o(.ARM.exidx.text.MCUIDRead), (8 bytes).
    Removing progetto.o(.ARM.exidx.text.error), (8 bytes).
    Removing progetto.o(.ARM.exidx.text.SetDuty), (8 bytes).
    Removing progetto.o(.ARM.exidx.text.SetFreq), (8 bytes).
    Removing progetto.o(.ARM.exidx.text.USART2_IRQHandler), (8 bytes).
    Removing progetto.o(.ARM.exidx.text.TIM2_IRQHandler), (8 bytes).
    Removing progetto.o(.ARM.exidx.text.TIM3_IRQHandler), (8 bytes).
    Removing progetto.o(.ARM.exidx.text.TIM4_IRQHandler), (8 bytes).
    Removing progetto.o(.ARM.exidx.text.TIM5_IRQHandler), (8 bytes).
    Removing startup_stm32f401xe.o(HEAP), (512 bytes).

15 unused section(s) (total 616 bytes) removed from the image.

==============================================================================

Image Symbol Table

    Local Symbols

    Symbol Name                              Value     Ov Type        Size  Object(Section)

    ../clib/microlib/division.c              0x00000000   Number         0  uidiv.o ABSOLUTE
    ../clib/microlib/division.c              0x00000000   Number         0  uldiv.o ABSOLUTE
    ../clib/microlib/init/entry.s            0x00000000   Number         0  entry.o ABSOLUTE
    ../clib/microlib/init/entry.s            0x00000000   Number         0  entry2.o ABSOLUTE
    ../clib/microlib/init/entry.s            0x00000000   Number         0  entry5.o ABSOLUTE
    ../clib/microlib/init/entry.s            0x00000000   Number         0  entry7a.o ABSOLUTE
    ../clib/microlib/init/entry.s            0x00000000   Number         0  entry7b.o ABSOLUTE
    ../clib/microlib/init/entry.s            0x00000000   Number         0  entry8a.o ABSOLUTE
    ../clib/microlib/init/entry.s            0x00000000   Number         0  entry8b.o ABSOLUTE
    ../clib/microlib/init/entry.s            0x00000000   Number         0  entry9a.o ABSOLUTE
    ../clib/microlib/init/entry.s            0x00000000   Number         0  entry9b.o ABSOLUTE
    ../clib/microlib/init/entry.s            0x00000000   Number         0  entry10a.o ABSOLUTE
    ../clib/microlib/init/entry.s            0x00000000   Number         0  entry10b.o ABSOLUTE
    ../clib/microlib/init/entry.s            0x00000000   Number         0  entry11a.o ABSOLUTE
    ../clib/microlib/init/entry.s            0x00000000   Number         0  entry11b.o ABSOLUTE
    ../clib/microlib/longlong.c              0x00000000   Number         0  llshl.o ABSOLUTE
    ../clib/microlib/longlong.c              0x00000000   Number         0  llushr.o ABSOLUTE
    ../clib/microlib/longlong.c              0x00000000   Number         0  llsshr.o ABSOLUTE
    ../clib/microlib/printf/printf.c         0x00000000   Number         0  printfa.o ABSOLUTE
    ../clib/microlib/stdio/fputc.c           0x00000000   Number         0  fputc.o ABSOLUTE
    ../clib/microlib/stdio/fputc.c           0x00000000   Number         0  fputc_h.o ABSOLUTE
    ../clib/microlib/stdio/semi.s            0x00000000   Number         0  semi.o ABSOLUTE
    ../clib/microlib/stdio/streams.c         0x00000000   Number         0  stdout.o ABSOLUTE
    ../clib/microlib/stubs.s                 0x00000000   Number         0  iusefp.o ABSOLUTE
    ../clib/microlib/stubs.s                 0x00000000   Number         0  iusesemip.o ABSOLUTE
    ../fplib/microlib/fpadd.c                0x00000000   Number         0  dadd.o ABSOLUTE
    ../fplib/microlib/fpdiv.c                0x00000000   Number         0  ddiv.o ABSOLUTE
    ../fplib/microlib/fpepilogue.c           0x00000000   Number         0  depilogue.o ABSOLUTE
    ../fplib/microlib/fpfix.c                0x00000000   Number         0  dfixul.o ABSOLUTE
    ../fplib/microlib/fpmul.c                0x00000000   Number         0  dmul.o ABSOLUTE
    Progetto.c                               0x00000000   Number         0  progetto.o ABSOLUTE
    cdrcmple.s                               0x00000000   Number         0  cdrcmple.o ABSOLUTE
    dc.s                                     0x00000000   Number         0  dc.o ABSOLUTE
    handlers.s                               0x00000000   Number         0  handlers.o ABSOLUTE
    init.s                                   0x00000000   Number         0  init.o ABSOLUTE
    startup_stm32f401xe.s                    0x00000000   Number         0  startup_stm32f401xe.o ABSOLUTE
    RESET                                    0x08000000   Section      404  startup_stm32f401xe.o(RESET)
    .ARM.Collect$$$$00000000                 0x08000194   Section        0  entry.o(.ARM.Collect$$$$00000000)
    .ARM.Collect$$$$00000001                 0x08000194   Section        4  entry2.o(.ARM.Collect$$$$00000001)
    .ARM.Collect$$$$00000004                 0x08000198   Section        4  entry5.o(.ARM.Collect$$$$00000004)
    .ARM.Collect$$$$00000008                 0x0800019c   Section        0  entry7b.o(.ARM.Collect$$$$00000008)
    .ARM.Collect$$$$0000000A                 0x0800019c   Section        0  entry8b.o(.ARM.Collect$$$$0000000A)
    .ARM.Collect$$$$0000000B                 0x0800019c   Section        8  entry9a.o(.ARM.Collect$$$$0000000B)
    __lit__00000000                          0x080001a4   Data           4  entry2.o(.ARM.Collect$$$$00002712)
    .ARM.Collect$$$$0000000D                 0x080001a4   Section        0  entry10a.o(.ARM.Collect$$$$0000000D)
    .ARM.Collect$$$$0000000F                 0x080001a4   Section        0  entry11a.o(.ARM.Collect$$$$0000000F)
    .ARM.Collect$$$$00002712                 0x080001a4   Section        4  entry2.o(.ARM.Collect$$$$00002712)
    $v0                                      0x080001a8   Number         0  startup_stm32f401xe.o(.text)
    .text                                    0x080001a8   Section       28  startup_stm32f401xe.o(.text)
    .text                                    0x080001c4   Section        0  uidiv.o(.text)
    .text                                    0x080001f0   Section        0  uldiv.o(.text)
    .text                                    0x08000252   Section        0  iusefp.o(.text)
    .text                                    0x08000252   Section        0  dadd.o(.text)
    .text                                    0x080003a0   Section        0  dmul.o(.text)
    .text                                    0x08000484   Section        0  ddiv.o(.text)
    .text                                    0x08000562   Section        0  dfixul.o(.text)
    .text                                    0x08000594   Section       48  cdrcmple.o(.text)
    .text                                    0x080005c4   Section       36  init.o(.text)
    .text                                    0x080005e8   Section        0  llshl.o(.text)
    .text                                    0x08000606   Section        0  llushr.o(.text)
    .text                                    0x08000626   Section        0  llsshr.o(.text)
    .text                                    0x0800064a   Section        0  depilogue.o(.text)
    [Anonymous Symbol]                       0x08000704   Section        0  progetto.o(.text.MCUIDRead)
    [Anonymous Symbol]                       0x080008bc   Section        0  progetto.o(.text.ModifyBaud)
    [Anonymous Symbol]                       0x08000914   Section        0  progetto.o(.text.SetDuty)
    [Anonymous Symbol]                       0x08000a50   Section        0  progetto.o(.text.SetFreq)
    [Anonymous Symbol]                       0x08000ba0   Section        0  progetto.o(.text.TIM2_IRQHandler)
    [Anonymous Symbol]                       0x08000bf0   Section        0  progetto.o(.text.TIM3_IRQHandler)
    [Anonymous Symbol]                       0x08000c48   Section        0  progetto.o(.text.TIM4_IRQHandler)
    [Anonymous Symbol]                       0x08000ca0   Section        0  progetto.o(.text.TIM5_IRQHandler)
    [Anonymous Symbol]                       0x08000cf8   Section        0  progetto.o(.text.USART2_IRQHandler)
    [Anonymous Symbol]                       0x08000d10   Section        0  progetto.o(.text.error)
    [Anonymous Symbol]                       0x08000d24   Section        0  progetto.o(.text.main)
    [Anonymous Symbol]                       0x080015cc   Section        0  progetto.o(.text.menu)
    [Anonymous Symbol]                       0x080015e8   Section        0  progetto.o(.text.printstring)
    i.__0sprintf                             0x08001640   Section        0  printfa.o(i.__0sprintf)
    i.__scatterload_copy                     0x08001668   Section       14  handlers.o(i.__scatterload_copy)
    i.__scatterload_null                     0x08001676   Section        2  handlers.o(i.__scatterload_null)
    i.__scatterload_zeroinit                 0x08001678   Section       14  handlers.o(i.__scatterload_zeroinit)
    _fp_digits                               0x08001689   Thumb Code   366  printfa.o(i._fp_digits)
    i._fp_digits                             0x08001688   Section        0  printfa.o(i._fp_digits)
    _printf_core                             0x0800180d   Thumb Code  1744  printfa.o(i._printf_core)
    i._printf_core                           0x0800180c   Section        0  printfa.o(i._printf_core)
    _printf_post_padding                     0x08001ee9   Thumb Code    36  printfa.o(i._printf_post_padding)
    i._printf_post_padding                   0x08001ee8   Section        0  printfa.o(i._printf_post_padding)
    _printf_pre_padding                      0x08001f0d   Thumb Code    46  printfa.o(i._printf_pre_padding)
    i._printf_pre_padding                    0x08001f0c   Section        0  printfa.o(i._printf_pre_padding)
    _sputc                                   0x08001f3b   Thumb Code    10  printfa.o(i._sputc)
    i._sputc                                 0x08001f3a   Section        0  printfa.o(i._sputc)
    .L.str.18                                0x08001f44   Data           6  progetto.o(.rodata..L.str.18)
    .L.str.9                                 0x08001f4a   Data          51  progetto.o(.rodata.str1.1)
    [Anonymous Symbol]                       0x08001f4a   Section        0  progetto.o(.rodata.str1.1)
    .L.str.24                                0x08001f7d   Data          31  progetto.o(.rodata.str1.1)
    .L.str.5                                 0x08001f9c   Data          43  progetto.o(.rodata.str1.1)
    .L.str.6                                 0x08001fc7   Data          49  progetto.o(.rodata.str1.1)
    .L.str.7                                 0x08001ff8   Data          54  progetto.o(.rodata.str1.1)
    .L.str.8                                 0x0800202e   Data          59  progetto.o(.rodata.str1.1)
    .L.str.13                                0x08002069   Data         318  progetto.o(.rodata.str1.1)
    .L.str.4                                 0x080021a7   Data          23  progetto.o(.rodata.str1.1)
    .L.str.25                                0x080021be   Data          29  progetto.o(.rodata.str1.1)
    .L.str.1                                 0x080021d8   Data           3  progetto.o(.rodata.str1.1)
    .L.str.19                                0x080021db   Data          66  progetto.o(.rodata.str1.1)
    .L.str.11                                0x0800221d   Data         155  progetto.o(.rodata.str1.1)
    .L.str.20                                0x080022b8   Data          29  progetto.o(.rodata.str1.1)
    .L.str.23                                0x080022d5   Data          30  progetto.o(.rodata.str1.1)
    .L.str.22                                0x080022f3   Data          29  progetto.o(.rodata.str1.1)
    .L.str.21                                0x08002310   Data          29  progetto.o(.rodata.str1.1)
    .L.str.3                                 0x0800232d   Data         167  progetto.o(.rodata.str1.1)
    .L.str.14                                0x080023d4   Data          31  progetto.o(.rodata.str1.1)
    .L.str                                   0x080023f3   Data          89  progetto.o(.rodata.str1.1)
    .L.str.2                                 0x0800244c   Data         350  progetto.o(.rodata.str1.1)
    .L.str.10                                0x080025aa   Data         171  progetto.o(.rodata.str1.1)
    .L.str.12                                0x08002655   Data         191  progetto.o(.rodata.str1.1)
    .L.str.17                                0x08002714   Data           2  progetto.o(.rodata.str1.1)
    .L.str.16                                0x08002716   Data           2  progetto.o(.rodata.str1.1)
    .L.str.15                                0x08002718   Data           2  progetto.o(.rodata.str1.1)
    TIM2_ARRvalueOFF                         0x20000000   Data           4  progetto.o(.data.TIM2_ARRvalueOFF)
    [Anonymous Symbol]                       0x20000000   Section        0  progetto.o(.data.TIM2_ARRvalueOFF)
    TIM2_ARRvalueON                          0x20000004   Data           4  progetto.o(.data.TIM2_ARRvalueON)
    [Anonymous Symbol]                       0x20000004   Section        0  progetto.o(.data.TIM2_ARRvalueON)
    TIM3_ARRvalueOFF                         0x20000008   Data           4  progetto.o(.data.TIM3_ARRvalueOFF)
    [Anonymous Symbol]                       0x20000008   Section        0  progetto.o(.data.TIM3_ARRvalueOFF)
    TIM3_ARRvalueON                          0x2000000c   Data           4  progetto.o(.data.TIM3_ARRvalueON)
    [Anonymous Symbol]                       0x2000000c   Section        0  progetto.o(.data.TIM3_ARRvalueON)
    TIM4_ARRvalueOFF                         0x20000010   Data           4  progetto.o(.data.TIM4_ARRvalueOFF)
    [Anonymous Symbol]                       0x20000010   Section        0  progetto.o(.data.TIM4_ARRvalueOFF)
    TIM4_ARRvalueON                          0x20000014   Data           4  progetto.o(.data.TIM4_ARRvalueON)
    [Anonymous Symbol]                       0x20000014   Section        0  progetto.o(.data.TIM4_ARRvalueON)
    TIM5_ARRvalueOFF                         0x20000018   Data           4  progetto.o(.data.TIM5_ARRvalueOFF)
    [Anonymous Symbol]                       0x20000018   Section        0  progetto.o(.data.TIM5_ARRvalueOFF)
    TIM5_ARRvalueON                          0x2000001c   Data           4  progetto.o(.data.TIM5_ARRvalueON)
    [Anonymous Symbol]                       0x2000001c   Section        0  progetto.o(.data.TIM5_ARRvalueON)
    ReceivedCommand                          0x20000020   Data           4  progetto.o(.bss.ReceivedCommand)
    [Anonymous Symbol]                       0x20000020   Section        0  progetto.o(.bss.ReceivedCommand)
    SelectedSignal                           0x20000024   Data           4  progetto.o(.bss.SelectedSignal)
    [Anonymous Symbol]                       0x20000024   Section        0  progetto.o(.bss.SelectedSignal)
    submenu                                  0x20000028   Data           4  progetto.o(.bss.submenu)
    [Anonymous Symbol]                       0x20000028   Section        0  progetto.o(.bss.submenu)
    STACK                                    0x20000030   Section     1024  startup_stm32f401xe.o(STACK)

    Global Symbols

    Symbol Name                              Value     Ov Type        Size  Object(Section)

    BuildAttributes$$THM_ISAv4$E$P$D$K$B$S$7EM$VFPi3$EXTD16$VFPS$VFMA$PE$A:L22UL41UL21$X:L11$S22US41US21$IEEE1$IW$~IW$USESV6$~STKCKD$USESV7$~SHL$OSPACE$ROPI$EBA8$MICROLIB$REQ8$PRES8$EABIv2 0x00000000   Number         0  anon$$obj.o ABSOLUTE
    __cpp_initialize__aeabi_                  - Undefined Weak Reference
    __cxa_finalize                            - Undefined Weak Reference
    __decompress                              - Undefined Weak Reference
    _clock_init                               - Undefined Weak Reference
    _microlib_exit                            - Undefined Weak Reference
    __Vectors_Size                           0x00000194   Number         0  startup_stm32f401xe.o ABSOLUTE
    __Vectors                                0x08000000   Data           4  startup_stm32f401xe.o(RESET)
    __Vectors_End                            0x08000194   Data           0  startup_stm32f401xe.o(RESET)
    __main                                   0x08000195   Thumb Code     0  entry.o(.ARM.Collect$$$$00000000)
    _main_stk                                0x08000195   Thumb Code     0  entry2.o(.ARM.Collect$$$$00000001)
    _main_scatterload                        0x08000199   Thumb Code     0  entry5.o(.ARM.Collect$$$$00000004)
    __main_after_scatterload                 0x0800019d   Thumb Code     0  entry5.o(.ARM.Collect$$$$00000004)
    _main_clock                              0x0800019d   Thumb Code     0  entry7b.o(.ARM.Collect$$$$00000008)
    _main_cpp_init                           0x0800019d   Thumb Code     0  entry8b.o(.ARM.Collect$$$$0000000A)
    _main_init                               0x0800019d   Thumb Code     0  entry9a.o(.ARM.Collect$$$$0000000B)
    __rt_final_cpp                           0x080001a5   Thumb Code     0  entry10a.o(.ARM.Collect$$$$0000000D)
    __rt_final_exit                          0x080001a5   Thumb Code     0  entry11a.o(.ARM.Collect$$$$0000000F)
    Reset_Handler                            0x080001a9   Thumb Code     4  startup_stm32f401xe.o(.text)
    NMI_Handler                              0x080001ad   Thumb Code     2  startup_stm32f401xe.o(.text)
    HardFault_Handler                        0x080001af   Thumb Code     2  startup_stm32f401xe.o(.text)
    MemManage_Handler                        0x080001b1   Thumb Code     2  startup_stm32f401xe.o(.text)
    BusFault_Handler                         0x080001b3   Thumb Code     2  startup_stm32f401xe.o(.text)
    UsageFault_Handler                       0x080001b5   Thumb Code     2  startup_stm32f401xe.o(.text)
    SVC_Handler                              0x080001b7   Thumb Code     2  startup_stm32f401xe.o(.text)
    DebugMon_Handler                         0x080001b9   Thumb Code     2  startup_stm32f401xe.o(.text)
    PendSV_Handler                           0x080001bb   Thumb Code     2  startup_stm32f401xe.o(.text)
    SysTick_Handler                          0x080001bd   Thumb Code     2  startup_stm32f401xe.o(.text)
    ADC_IRQHandler                           0x080001bf   Thumb Code     0  startup_stm32f401xe.o(.text)
    DMA1_Stream0_IRQHandler                  0x080001bf   Thumb Code     0  startup_stm32f401xe.o(.text)
    DMA1_Stream1_IRQHandler                  0x080001bf   Thumb Code     0  startup_stm32f401xe.o(.text)
    DMA1_Stream2_IRQHandler                  0x080001bf   Thumb Code     0  startup_stm32f401xe.o(.text)
    DMA1_Stream3_IRQHandler                  0x080001bf   Thumb Code     0  startup_stm32f401xe.o(.text)
    DMA1_Stream4_IRQHandler                  0x080001bf   Thumb Code     0  startup_stm32f401xe.o(.text)
    DMA1_Stream5_IRQHandler                  0x080001bf   Thumb Code     0  startup_stm32f401xe.o(.text)
    DMA1_Stream6_IRQHandler                  0x080001bf   Thumb Code     0  startup_stm32f401xe.o(.text)
    DMA1_Stream7_IRQHandler                  0x080001bf   Thumb Code     0  startup_stm32f401xe.o(.text)
    DMA2_Stream0_IRQHandler                  0x080001bf   Thumb Code     0  startup_stm32f401xe.o(.text)
    DMA2_Stream1_IRQHandler                  0x080001bf   Thumb Code     0  startup_stm32f401xe.o(.text)
    DMA2_Stream2_IRQHandler                  0x080001bf   Thumb Code     0  startup_stm32f401xe.o(.text)
    DMA2_Stream3_IRQHandler                  0x080001bf   Thumb Code     0  startup_stm32f401xe.o(.text)
    DMA2_Stream4_IRQHandler                  0x080001bf   Thumb Code     0  startup_stm32f401xe.o(.text)
    DMA2_Stream5_IRQHandler                  0x080001bf   Thumb Code     0  startup_stm32f401xe.o(.text)
    DMA2_Stream6_IRQHandler                  0x080001bf   Thumb Code     0  startup_stm32f401xe.o(.text)
    DMA2_Stream7_IRQHandler                  0x080001bf   Thumb Code     0  startup_stm32f401xe.o(.text)
    EXTI0_IRQHandler                         0x080001bf   Thumb Code     0  startup_stm32f401xe.o(.text)
    EXTI15_10_IRQHandler                     0x080001bf   Thumb Code     0  startup_stm32f401xe.o(.text)
    EXTI1_IRQHandler                         0x080001bf   Thumb Code     0  startup_stm32f401xe.o(.text)
    EXTI2_IRQHandler                         0x080001bf   Thumb Code     0  startup_stm32f401xe.o(.text)
    EXTI3_IRQHandler                         0x080001bf   Thumb Code     0  startup_stm32f401xe.o(.text)
    EXTI4_IRQHandler                         0x080001bf   Thumb Code     0  startup_stm32f401xe.o(.text)
    EXTI9_5_IRQHandler                       0x080001bf   Thumb Code     0  startup_stm32f401xe.o(.text)
    FLASH_IRQHandler                         0x080001bf   Thumb Code     0  startup_stm32f401xe.o(.text)
    FPU_IRQHandler                           0x080001bf   Thumb Code     0  startup_stm32f401xe.o(.text)
    I2C1_ER_IRQHandler                       0x080001bf   Thumb Code     0  startup_stm32f401xe.o(.text)
    I2C1_EV_IRQHandler                       0x080001bf   Thumb Code     0  startup_stm32f401xe.o(.text)
    I2C2_ER_IRQHandler                       0x080001bf   Thumb Code     0  startup_stm32f401xe.o(.text)
    I2C2_EV_IRQHandler                       0x080001bf   Thumb Code     0  startup_stm32f401xe.o(.text)
    I2C3_ER_IRQHandler                       0x080001bf   Thumb Code     0  startup_stm32f401xe.o(.text)
    I2C3_EV_IRQHandler                       0x080001bf   Thumb Code     0  startup_stm32f401xe.o(.text)
    OTG_FS_IRQHandler                        0x080001bf   Thumb Code     0  startup_stm32f401xe.o(.text)
    OTG_FS_WKUP_IRQHandler                   0x080001bf   Thumb Code     0  startup_stm32f401xe.o(.text)
    PVD_IRQHandler                           0x080001bf   Thumb Code     0  startup_stm32f401xe.o(.text)
    RCC_IRQHandler                           0x080001bf   Thumb Code     0  startup_stm32f401xe.o(.text)
    RTC_Alarm_IRQHandler                     0x080001bf   Thumb Code     0  startup_stm32f401xe.o(.text)
    RTC_WKUP_IRQHandler                      0x080001bf   Thumb Code     0  startup_stm32f401xe.o(.text)
    SDIO_IRQHandler                          0x080001bf   Thumb Code     0  startup_stm32f401xe.o(.text)
    SPI1_IRQHandler                          0x080001bf   Thumb Code     0  startup_stm32f401xe.o(.text)
    SPI2_IRQHandler                          0x080001bf   Thumb Code     0  startup_stm32f401xe.o(.text)
    SPI3_IRQHandler                          0x080001bf   Thumb Code     0  startup_stm32f401xe.o(.text)
    SPI4_IRQHandler                          0x080001bf   Thumb Code     0  startup_stm32f401xe.o(.text)
    TAMP_STAMP_IRQHandler                    0x080001bf   Thumb Code     0  startup_stm32f401xe.o(.text)
    TIM1_BRK_TIM9_IRQHandler                 0x080001bf   Thumb Code     0  startup_stm32f401xe.o(.text)
    TIM1_CC_IRQHandler                       0x080001bf   Thumb Code     0  startup_stm32f401xe.o(.text)
    TIM1_TRG_COM_TIM11_IRQHandler            0x080001bf   Thumb Code     0  startup_stm32f401xe.o(.text)
    TIM1_UP_TIM10_IRQHandler                 0x080001bf   Thumb Code     0  startup_stm32f401xe.o(.text)
    USART1_IRQHandler                        0x080001bf   Thumb Code     0  startup_stm32f401xe.o(.text)
    USART6_IRQHandler                        0x080001bf   Thumb Code     0  startup_stm32f401xe.o(.text)
    WWDG_IRQHandler                          0x080001bf   Thumb Code     0  startup_stm32f401xe.o(.text)
    __aeabi_uidiv                            0x080001c5   Thumb Code     0  uidiv.o(.text)
    __aeabi_uidivmod                         0x080001c5   Thumb Code    44  uidiv.o(.text)
    __aeabi_uldivmod                         0x080001f1   Thumb Code    98  uldiv.o(.text)
    __I$use$fp                               0x08000253   Thumb Code     0  iusefp.o(.text)
    __aeabi_dadd                             0x08000253   Thumb Code   322  dadd.o(.text)
    __aeabi_dsub                             0x08000395   Thumb Code     6  dadd.o(.text)
    __aeabi_drsub                            0x0800039b   Thumb Code     6  dadd.o(.text)
    __aeabi_dmul                             0x080003a1   Thumb Code   228  dmul.o(.text)
    __aeabi_ddiv                             0x08000485   Thumb Code   222  ddiv.o(.text)
    __aeabi_d2ulz                            0x08000563   Thumb Code    48  dfixul.o(.text)
    __aeabi_cdrcmple                         0x08000595   Thumb Code    48  cdrcmple.o(.text)
    __scatterload                            0x080005c5   Thumb Code    28  init.o(.text)
    __scatterload_rt2                        0x080005c5   Thumb Code     0  init.o(.text)
    __aeabi_llsl                             0x080005e9   Thumb Code    30  llshl.o(.text)
    _ll_shift_l                              0x080005e9   Thumb Code     0  llshl.o(.text)
    __aeabi_llsr                             0x08000607   Thumb Code    32  llushr.o(.text)
    _ll_ushift_r                             0x08000607   Thumb Code     0  llushr.o(.text)
    __aeabi_lasr                             0x08000627   Thumb Code    36  llsshr.o(.text)
    _ll_sshift_r                             0x08000627   Thumb Code     0  llsshr.o(.text)
    _double_round                            0x0800064b   Thumb Code    30  depilogue.o(.text)
    _double_epilogue                         0x08000669   Thumb Code   156  depilogue.o(.text)
    MCUIDRead                                0x08000705   Thumb Code   438  progetto.o(.text.MCUIDRead)
    ModifyBaud                               0x080008bd   Thumb Code    88  progetto.o(.text.ModifyBaud)
    SetDuty                                  0x08000915   Thumb Code   314  progetto.o(.text.SetDuty)
    SetFreq                                  0x08000a51   Thumb Code   336  progetto.o(.text.SetFreq)
    TIM2_IRQHandler                          0x08000ba1   Thumb Code    80  progetto.o(.text.TIM2_IRQHandler)
    TIM3_IRQHandler                          0x08000bf1   Thumb Code    86  progetto.o(.text.TIM3_IRQHandler)
    TIM4_IRQHandler                          0x08000c49   Thumb Code    86  progetto.o(.text.TIM4_IRQHandler)
    TIM5_IRQHandler                          0x08000ca1   Thumb Code    86  progetto.o(.text.TIM5_IRQHandler)
    USART2_IRQHandler                        0x08000cf9   Thumb Code    22  progetto.o(.text.USART2_IRQHandler)
    error                                    0x08000d11   Thumb Code    20  progetto.o(.text.error)
    main                                     0x08000d25   Thumb Code  2214  progetto.o(.text.main)
    menu                                     0x080015cd   Thumb Code    28  progetto.o(.text.menu)
    printstring                              0x080015e9   Thumb Code    86  progetto.o(.text.printstring)
    __0sprintf                               0x08001641   Thumb Code    34  printfa.o(i.__0sprintf)
    __1sprintf                               0x08001641   Thumb Code     0  printfa.o(i.__0sprintf)
    __2sprintf                               0x08001641   Thumb Code     0  printfa.o(i.__0sprintf)
    __c89sprintf                             0x08001641   Thumb Code     0  printfa.o(i.__0sprintf)
    sprintf                                  0x08001641   Thumb Code     0  printfa.o(i.__0sprintf)
    __scatterload_copy                       0x08001669   Thumb Code    14  handlers.o(i.__scatterload_copy)
    __scatterload_null                       0x08001677   Thumb Code     2  handlers.o(i.__scatterload_null)
    __scatterload_zeroinit                   0x08001679   Thumb Code    14  handlers.o(i.__scatterload_zeroinit)
    Region$$Table$$Base                      0x0800271c   Number         0  anon$$obj.o(Region$$Table)
    Region$$Table$$Limit                     0x0800273c   Number         0  anon$$obj.o(Region$$Table)
    __initial_sp                             0x20000430   Data           0  startup_stm32f401xe.o(STACK)



==============================================================================

Memory Map of the image

  Image Entry point : 0x080001a9

  Load Region LR_1 (Base: 0x08000000, Size: 0x0000275c, Max: 0xffffffff, ABSOLUTE)

    Execution Region ER_RO (Exec base: 0x08000000, Load base: 0x08000000, Size: 0x0000273c, Max: 0xffffffff, ABSOLUTE)

    Exec Addr    Load Addr    Size         Type   Attr      Idx    E Section Name        Object

    0x08000000   0x08000000   0x00000194   Data   RO           49    RESET               startup_stm32f401xe.o
    0x08000194   0x08000194   0x00000000   Code   RO           56  * .ARM.Collect$$$$00000000  mc_w.l(entry.o)
    0x08000194   0x08000194   0x00000004   Code   RO           87    .ARM.Collect$$$$00000001  mc_w.l(entry2.o)
    0x08000198   0x08000198   0x00000004   Code   RO           90    .ARM.Collect$$$$00000004  mc_w.l(entry5.o)
    0x0800019c   0x0800019c   0x00000000   Code   RO           92    .ARM.Collect$$$$00000008  mc_w.l(entry7b.o)
    0x0800019c   0x0800019c   0x00000000   Code   RO           94    .ARM.Collect$$$$0000000A  mc_w.l(entry8b.o)
    0x0800019c   0x0800019c   0x00000008   Code   RO           95    .ARM.Collect$$$$0000000B  mc_w.l(entry9a.o)
    0x080001a4   0x080001a4   0x00000000   Code   RO           97    .ARM.Collect$$$$0000000D  mc_w.l(entry10a.o)
    0x080001a4   0x080001a4   0x00000000   Code   RO           99    .ARM.Collect$$$$0000000F  mc_w.l(entry11a.o)
    0x080001a4   0x080001a4   0x00000004   Code   RO           88    .ARM.Collect$$$$00002712  mc_w.l(entry2.o)
    0x080001a8   0x080001a8   0x0000001c   Code   RO           50  * .text               startup_stm32f401xe.o
    0x080001c4   0x080001c4   0x0000002c   Code   RO          106    .text               mc_w.l(uidiv.o)
    0x080001f0   0x080001f0   0x00000062   Code   RO          108    .text               mc_w.l(uldiv.o)
    0x08000252   0x08000252   0x00000000   Code   RO          110    .text               mc_w.l(iusefp.o)
    0x08000252   0x08000252   0x0000014e   Code   RO          111    .text               mf_w.l(dadd.o)
    0x080003a0   0x080003a0   0x000000e4   Code   RO          113    .text               mf_w.l(dmul.o)
    0x08000484   0x08000484   0x000000de   Code   RO          115    .text               mf_w.l(ddiv.o)
    0x08000562   0x08000562   0x00000030   Code   RO          117    .text               mf_w.l(dfixul.o)
    0x08000592   0x08000592   0x00000002   PAD
    0x08000594   0x08000594   0x00000030   Code   RO          119    .text               mf_w.l(cdrcmple.o)
    0x080005c4   0x080005c4   0x00000024   Code   RO          121    .text               mc_w.l(init.o)
    0x080005e8   0x080005e8   0x0000001e   Code   RO          124    .text               mc_w.l(llshl.o)
    0x08000606   0x08000606   0x00000020   Code   RO          126    .text               mc_w.l(llushr.o)
    0x08000626   0x08000626   0x00000024   Code   RO          128    .text               mc_w.l(llsshr.o)
    0x0800064a   0x0800064a   0x000000ba   Code   RO          131    .text               mf_w.l(depilogue.o)
    0x08000704   0x08000704   0x000001b6   Code   RO           10    .text.MCUIDRead     progetto.o
    0x080008ba   0x080008ba   0x00000002   PAD
    0x080008bc   0x080008bc   0x00000058   Code   RO            8    .text.ModifyBaud    progetto.o
    0x08000914   0x08000914   0x0000013a   Code   RO           14    .text.SetDuty       progetto.o
    0x08000a4e   0x08000a4e   0x00000002   PAD
    0x08000a50   0x08000a50   0x00000150   Code   RO           16    .text.SetFreq       progetto.o
    0x08000ba0   0x08000ba0   0x00000050   Code   RO           20    .text.TIM2_IRQHandler  progetto.o
    0x08000bf0   0x08000bf0   0x00000056   Code   RO           22    .text.TIM3_IRQHandler  progetto.o
    0x08000c46   0x08000c46   0x00000002   PAD
    0x08000c48   0x08000c48   0x00000056   Code   RO           24    .text.TIM4_IRQHandler  progetto.o
    0x08000c9e   0x08000c9e   0x00000002   PAD
    0x08000ca0   0x08000ca0   0x00000056   Code   RO           26    .text.TIM5_IRQHandler  progetto.o
    0x08000cf6   0x08000cf6   0x00000002   PAD
    0x08000cf8   0x08000cf8   0x00000016   Code   RO           18    .text.USART2_IRQHandler  progetto.o
    0x08000d0e   0x08000d0e   0x00000002   PAD
    0x08000d10   0x08000d10   0x00000014   Code   RO           12    .text.error         progetto.o
    0x08000d24   0x08000d24   0x000008a6   Code   RO            2    .text.main          progetto.o
    0x080015ca   0x080015ca   0x00000002   PAD
    0x080015cc   0x080015cc   0x0000001c   Code   RO            6    .text.menu          progetto.o
    0x080015e8   0x080015e8   0x00000056   Code   RO            4    .text.printstring   progetto.o
    0x0800163e   0x0800163e   0x00000002   PAD
    0x08001640   0x08001640   0x00000028   Code   RO           62    i.__0sprintf        mc_w.l(printfa.o)
    0x08001668   0x08001668   0x0000000e   Code   RO          135    i.__scatterload_copy  mc_w.l(handlers.o)
    0x08001676   0x08001676   0x00000002   Code   RO          136    i.__scatterload_null  mc_w.l(handlers.o)
    0x08001678   0x08001678   0x0000000e   Code   RO          137    i.__scatterload_zeroinit  mc_w.l(handlers.o)
    0x08001686   0x08001686   0x00000002   PAD
    0x08001688   0x08001688   0x00000184   Code   RO           67    i._fp_digits        mc_w.l(printfa.o)
    0x0800180c   0x0800180c   0x000006dc   Code   RO           68    i._printf_core      mc_w.l(printfa.o)
    0x08001ee8   0x08001ee8   0x00000024   Code   RO           69    i._printf_post_padding  mc_w.l(printfa.o)
    0x08001f0c   0x08001f0c   0x0000002e   Code   RO           70    i._printf_pre_padding  mc_w.l(printfa.o)
    0x08001f3a   0x08001f3a   0x0000000a   Code   RO           72    i._sputc            mc_w.l(printfa.o)
    0x08001f44   0x08001f44   0x00000006   Data   RO           40    .rodata..L.str.18   progetto.o
    0x08001f4a   0x08001f4a   0x000007d0   Data   RO           28    .rodata.str1.1      progetto.o
    0x0800271a   0x0800271a   0x00000002   PAD
    0x0800271c   0x0800271c   0x00000020   Data   RO          134    Region$$Table       anon$$obj.o


    Execution Region ER_RW (Exec base: 0x20000000, Load base: 0x0800273c, Size: 0x00000020, Max: 0xffffffff, ABSOLUTE)

    Exec Addr    Load Addr    Size         Type   Attr      Idx    E Section Name        Object

    0x20000000   0x0800273c   0x00000004   Data   RW           32    .data.TIM2_ARRvalueOFF  progetto.o
    0x20000004   0x08002740   0x00000004   Data   RW           31    .data.TIM2_ARRvalueON  progetto.o
    0x20000008   0x08002744   0x00000004   Data   RW           34    .data.TIM3_ARRvalueOFF  progetto.o
    0x2000000c   0x08002748   0x00000004   Data   RW           33    .data.TIM3_ARRvalueON  progetto.o
    0x20000010   0x0800274c   0x00000004   Data   RW           36    .data.TIM4_ARRvalueOFF  progetto.o
    0x20000014   0x08002750   0x00000004   Data   RW           35    .data.TIM4_ARRvalueON  progetto.o
    0x20000018   0x08002754   0x00000004   Data   RW           38    .data.TIM5_ARRvalueOFF  progetto.o
    0x2000001c   0x08002758   0x00000004   Data   RW           37    .data.TIM5_ARRvalueON  progetto.o


    Execution Region ER_ZI (Exec base: 0x20000020, Load base: 0x0800275c, Size: 0x00000410, Max: 0xffffffff, ABSOLUTE)

    Exec Addr    Load Addr    Size         Type   Attr      Idx    E Section Name        Object

    0x20000020        -       0x00000004   Zero   RW           29    .bss.ReceivedCommand  progetto.o
    0x20000024        -       0x00000004   Zero   RW           39    .bss.SelectedSignal  progetto.o
    0x20000028        -       0x00000004   Zero   RW           30    .bss.submenu        progetto.o
    0x2000002c   0x0800275c   0x00000004   PAD
    0x20000030        -       0x00000400   Zero   RW           47    STACK               startup_stm32f401xe.o


==============================================================================

Image component sizes


      Code (inc. data)   RO Data    RW Data    ZI Data      Debug   Object Name

      3884         58       2006         32         12       3906   progetto.o
        28          4        404          0       1024        820   startup_stm32f401xe.o

    ----------------------------------------------------------------------
      3928         62       2444         32       1040       4726   Object Totals
         0          0         32          0          0          0   (incl. Generated)
        16          0          2          0          4          0   (incl. Padding)

    ----------------------------------------------------------------------

      Code (inc. data)   RO Data    RW Data    ZI Data      Debug   Library Member Name

         0          0          0          0          0          0   entry.o
         0          0          0          0          0          0   entry10a.o
         0          0          0          0          0          0   entry11a.o
         8          4          0          0          0          0   entry2.o
         4          0          0          0          0          0   entry5.o
         0          0          0          0          0          0   entry7b.o
         0          0          0          0          0          0   entry8b.o
         8          4          0          0          0          0   entry9a.o
        30          0          0          0          0          0   handlers.o
        36          8          0          0          0         68   init.o
         0          0          0          0          0          0   iusefp.o
        30          0          0          0          0         68   llshl.o
        36          0          0          0          0         68   llsshr.o
        32          0          0          0          0         68   llushr.o
      2276         86          0          0          0        520   printfa.o
        44          0          0          0          0         80   uidiv.o
        98          0          0          0          0         92   uldiv.o
        48          0          0          0          0         68   cdrcmple.o
       334          0          0          0          0        148   dadd.o
       222          0          0          0          0        100   ddiv.o
       186          0          0          0          0        176   depilogue.o
        48          0          0          0          0         68   dfixul.o
       228          0          0          0          0         96   dmul.o

    ----------------------------------------------------------------------
      3672        102          0          0          0       1620   Library Totals
         4          0          0          0          0          0   (incl. Padding)

    ----------------------------------------------------------------------

      Code (inc. data)   RO Data    RW Data    ZI Data      Debug   Library Name

      2602        102          0          0          0        964   mc_w.l
      1066          0          0          0          0        656   mf_w.l

    ----------------------------------------------------------------------
      3672        102          0          0          0       1620   Library Totals

    ----------------------------------------------------------------------

==============================================================================


      Code (inc. data)   RO Data    RW Data    ZI Data      Debug   

      7600        164       2444         32       1040       5718   Grand Totals
      7600        164       2444         32       1040       5718   ELF Image Totals
      7600        164       2444         32          0          0   ROM Totals

==============================================================================

    Total RO  Size (Code + RO Data)                10044 (   9.81kB)
    Total RW  Size (RW Data + ZI Data)              1072 (   1.05kB)
    Total ROM Size (Code + RO Data + RW Data)      10076 (   9.84kB)

==============================================================================

